// Jest Snapshot v1, https://goo.gl/fbAQLP

exports[`Test snapshot 1`] = `
<PageSidebar
  nav={
    <Nav
      aria-label="Nav"
      id="nav-primary-simple"
      onSelect={[Function]}
      onToggle={[Function]}
      ouiaSafe={true}
      theme="dark"
    >
      <NavGroup
        title="Global"
      >
        <NavItem>
          Applications
        </NavItem>
        <NavItem>
          Technologies
        </NavItem>
      </NavGroup>
      <NavGroup
        title="Application"
      >
        <NavItem>
          Dashboard
        </NavItem>
        <NavItem>
          Details
        </NavItem>
        <NavItem>
          Issues
        </NavItem>
        <NavItem>
          Technologies
        </NavItem>
        <NavItem>
          Dependencies
        </NavItem>
        <NavItem>
          Ignored files
        </NavItem>
      </NavGroup>
    </Nav>
  }
  theme="dark"
/>
`;
