// Jest Snapshot v1, https://goo.gl/fbAQLP

exports[`EmptyContent Renders without crashing 1`] = `
<Bullseye>
  <EmptyState
    variant="small"
  >
    <EmptyStateIcon
      icon={[Function]}
    />
    <Title
      headingLevel="h4"
      size="lg"
    >
      No data to show
    </Title>
    <EmptyStateBody>
      There is nothing to show. Make sure you selected a Graph database to read from.
    </EmptyStateBody>
  </EmptyState>
</Bullseye>
`;
